Archive member included to satisfy reference by file (symbol)

c:/st/stm32cubeide_1.7.0/stm32cubeide/plugins/com.st.stm32cube.ide.mcu.externaltools.gnu-tools-for-stm32.9-2020-q2-update.win32_2.0.0.202105311346/tools/bin/../lib/gcc/arm-none-eabi/9.3.1/../../../../arm-none-eabi/lib/thumb/v7e-m+fp/hard\libc_nano.a(lib_a-errno.o)
                              ./Core/Src/syscalls.o (__errno)
c:/st/stm32cubeide_1.7.0/stm32cubeide/plugins/com.st.stm32cube.ide.mcu.externaltools.gnu-tools-for-stm32.9-2020-q2-update.win32_2.0.0.202105311346/tools/bin/../lib/gcc/arm-none-eabi/9.3.1/../../../../arm-none-eabi/lib/thumb/v7e-m+fp/hard\libc_nano.a(lib_a-exit.o)
                              c:/st/stm32cubeide_1.7.0/stm32cubeide/plugins/com.st.stm32cube.ide.mcu.externaltools.gnu-tools-for-stm32.9-2020-q2-update.win32_2.0.0.202105311346/tools/bin/../lib/gcc/arm-none-eabi/9.3.1/../../../../arm-none-eabi/lib/thumb/v7e-m+fp/hard/crt0.o (exit)
c:/st/stm32cubeide_1.7.0/stm32cubeide/plugins/com.st.stm32cube.ide.mcu.externaltools.gnu-tools-for-stm32.9-2020-q2-update.win32_2.0.0.202105311346/tools/bin/../lib/gcc/arm-none-eabi/9.3.1/../../../../arm-none-eabi/lib/thumb/v7e-m+fp/hard\libc_nano.a(lib_a-impure.o)
                              c:/st/stm32cubeide_1.7.0/stm32cubeide/plugins/com.st.stm32cube.ide.mcu.externaltools.gnu-tools-for-stm32.9-2020-q2-update.win32_2.0.0.202105311346/tools/bin/../lib/gcc/arm-none-eabi/9.3.1/../../../../arm-none-eabi/lib/thumb/v7e-m+fp/hard\libc_nano.a(lib_a-exit.o) (_global_impure_ptr)
c:/st/stm32cubeide_1.7.0/stm32cubeide/plugins/com.st.stm32cube.ide.mcu.externaltools.gnu-tools-for-stm32.9-2020-q2-update.win32_2.0.0.202105311346/tools/bin/../lib/gcc/arm-none-eabi/9.3.1/../../../../arm-none-eabi/lib/thumb/v7e-m+fp/hard\libc_nano.a(lib_a-init.o)
                              c:/st/stm32cubeide_1.7.0/stm32cubeide/plugins/com.st.stm32cube.ide.mcu.externaltools.gnu-tools-for-stm32.9-2020-q2-update.win32_2.0.0.202105311346/tools/bin/../lib/gcc/arm-none-eabi/9.3.1/../../../../arm-none-eabi/lib/thumb/v7e-m+fp/hard/crt0.o (__libc_init_array)
c:/st/stm32cubeide_1.7.0/stm32cubeide/plugins/com.st.stm32cube.ide.mcu.externaltools.gnu-tools-for-stm32.9-2020-q2-update.win32_2.0.0.202105311346/tools/bin/../lib/gcc/arm-none-eabi/9.3.1/../../../../arm-none-eabi/lib/thumb/v7e-m+fp/hard\libc_nano.a(lib_a-memset.o)
                              c:/st/stm32cubeide_1.7.0/stm32cubeide/plugins/com.st.stm32cube.ide.mcu.externaltools.gnu-tools-for-stm32.9-2020-q2-update.win32_2.0.0.202105311346/tools/bin/../lib/gcc/arm-none-eabi/9.3.1/../../../../arm-none-eabi/lib/thumb/v7e-m+fp/hard/crt0.o (memset)
c:/st/stm32cubeide_1.7.0/stm32cubeide/plugins/com.st.stm32cube.ide.mcu.externaltools.gnu-tools-for-stm32.9-2020-q2-update.win32_2.0.0.202105311346/tools/bin/../lib/gcc/arm-none-eabi/9.3.1/thumb/v7e-m+fp/hard\libgcc.a(_aeabi_uldivmod.o)
                              ./Drivers/STM32F4xx_HAL_Driver/Src/stm32f4xx_hal_rcc.o (__aeabi_uldivmod)
c:/st/stm32cubeide_1.7.0/stm32cubeide/plugins/com.st.stm32cube.ide.mcu.externaltools.gnu-tools-for-stm32.9-2020-q2-update.win32_2.0.0.202105311346/tools/bin/../lib/gcc/arm-none-eabi/9.3.1/thumb/v7e-m+fp/hard\libgcc.a(_udivmoddi4.o)
                              c:/st/stm32cubeide_1.7.0/stm32cubeide/plugins/com.st.stm32cube.ide.mcu.externaltools.gnu-tools-for-stm32.9-2020-q2-update.win32_2.0.0.202105311346/tools/bin/../lib/gcc/arm-none-eabi/9.3.1/thumb/v7e-m+fp/hard\libgcc.a(_aeabi_uldivmod.o) (__udivmoddi4)
c:/st/stm32cubeide_1.7.0/stm32cubeide/plugins/com.st.stm32cube.ide.mcu.externaltools.gnu-tools-for-stm32.9-2020-q2-update.win32_2.0.0.202105311346/tools/bin/../lib/gcc/arm-none-eabi/9.3.1/thumb/v7e-m+fp/hard\libgcc.a(_dvmd_tls.o)
                              c:/st/stm32cubeide_1.7.0/stm32cubeide/plugins/com.st.stm32cube.ide.mcu.externaltools.gnu-tools-for-stm32.9-2020-q2-update.win32_2.0.0.202105311346/tools/bin/../lib/gcc/arm-none-eabi/9.3.1/thumb/v7e-m+fp/hard\libgcc.a(_aeabi_uldivmod.o) (__aeabi_ldiv0)

Allocating common symbols
Common symbol       size              file

hdma_sdio_rx        0x60              ./Core/Src/main.o
retSD               0x1               ./FATFS/App/fatfs.o
uwTick              0x4               ./Drivers/STM32F4xx_HAL_Driver/Src/stm32f4xx_hal.o
pFlash              0x20              ./Drivers/STM32F4xx_HAL_Driver/Src/stm32f4xx_hal_flash.o
huart1              0x44              ./Core/Src/main.o
SDPath              0x4               ./FATFS/App/fatfs.o
hdma_sdio_tx        0x60              ./Core/Src/main.o
hsd                 0x84              ./Core/Src/main.o
SDFile              0x1030            ./FATFS/App/fatfs.o
SDFatFS             0x1034            ./FATFS/App/fatfs.o

Discarded input sections

 .text          0x0000000000000000        0x0 c:/st/stm32cubeide_1.7.0/stm32cubeide/plugins/com.st.stm32cube.ide.mcu.externaltools.gnu-tools-for-stm32.9-2020-q2-update.win32_2.0.0.202105311346/tools/bin/../lib/gcc/arm-none-eabi/9.3.1/thumb/v7e-m+fp/hard/crti.o
[...]
Memory Configuration

Name             Origin             Length             Attributes
RAM              0x0000000020000000 0x0000000000020000 xrw
FLASH            0x0000000008000000 0x0000000000080000 xr
*default*        0x0000000000000000 0xffffffffffffffff

Linker script and memory map

LOAD c:/st/stm32cubeide_1.7.0/stm32cubeide/plugins/com.st.stm32cube.ide.mcu.externaltools.gnu-tools-for-stm32.9-2020-q2-update.win32_2.0.0.202105311346/tools/bin/../lib/gcc/arm-none-eabi/9.3.1/thumb/v7e-m+fp/hard/crti.o
LOAD c:/st/stm32cubeide_1.7.0/stm32cubeide/plugins/com.st.stm32cube.ide.mcu.externaltools.gnu-tools-for-stm32.9-2020-q2-update.win32_2.0.0.202105311346/tools/bin/../lib/gcc/arm-none-eabi/9.3.1/thumb/v7e-m+fp/hard/crtbegin.o
LOAD c:/st/stm32cubeide_1.7.0/stm32cubeide/plugins/com.st.stm32cube.ide.mcu.externaltools.gnu-tools-for-stm32.9-2020-q2-update.win32_2.0.0.202105311346/tools/bin/../lib/gcc/arm-none-eabi/9.3.1/../../../../arm-none-eabi/lib/thumb/v7e-m+fp/hard/crt0.o
LOAD ./Core/Src/main.o
LOAD ./Core/Src/stm32f4xx_hal_msp.o
LOAD ./Core/Src/stm32f4xx_it.o
LOAD ./Core/Src/syscalls.o
LOAD ./Core/Src/sysmem.o
LOAD ./Core/Src/system_stm32f4xx.o
LOAD ./Core/Startup/startup_stm32f446retx.o
LOAD ./Drivers/STM32F4xx_HAL_Driver/Src/stm32f4xx_hal.o
LOAD ./Drivers/STM32F4xx_HAL_Driver/Src/stm32f4xx_hal_cortex.o
LOAD ./Drivers/STM32F4xx_HAL_Driver/Src/stm32f4xx_hal_dma.o
LOAD ./Drivers/STM32F4xx_HAL_Driver/Src/stm32f4xx_hal_dma_ex.o
LOAD ./Drivers/STM32F4xx_HAL_Driver/Src/stm32f4xx_hal_exti.o
LOAD ./Drivers/STM32F4xx_HAL_Driver/Src/stm32f4xx_hal_flash.o
LOAD ./Drivers/STM32F4xx_HAL_Driver/Src/stm32f4xx_hal_flash_ex.o
LOAD ./Drivers/STM32F4xx_HAL_Driver/Src/stm32f4xx_hal_flash_ramfunc.o
LOAD ./Drivers/STM32F4xx_HAL_Driver/Src/stm32f4xx_hal_gpio.o
LOAD ./Drivers/STM32F4xx_HAL_Driver/Src/stm32f4xx_hal_pwr.o
LOAD ./Drivers/STM32F4xx_HAL_Driver/Src/stm32f4xx_hal_pwr_ex.o
LOAD ./Drivers/STM32F4xx_HAL_Driver/Src/stm32f4xx_hal_rcc.o
LOAD ./Drivers/STM32F4xx_HAL_Driver/Src/stm32f4xx_hal_rcc_ex.o
LOAD ./Drivers/STM32F4xx_HAL_Driver/Src/stm32f4xx_hal_sd.o
LOAD ./Drivers/STM32F4xx_HAL_Driver/Src/stm32f4xx_hal_tim.o
LOAD ./Drivers/STM32F4xx_HAL_Driver/Src/stm32f4xx_hal_tim_ex.o
LOAD ./Drivers/STM32F4xx_HAL_Driver/Src/stm32f4xx_hal_uart.o
LOAD ./Drivers/STM32F4xx_HAL_Driver/Src/stm32f4xx_ll_sdmmc.o
LOAD ./FATFS/App/fatfs.o
LOAD ./FATFS/Target/bsp_driver_sd.o
LOAD ./FATFS/Target/fatfs_platform.o
LOAD ./FATFS/Target/sd_diskio.o
LOAD ./Middlewares/Third_Party/FatFs/src/diskio.o
LOAD ./Middlewares/Third_Party/FatFs/src/ff.o
LOAD ./Middlewares/Third_Party/FatFs/src/ff_gen_drv.o
LOAD ./Middlewares/Third_Party/FatFs/src/option/syscall.o
START GROUP
LOAD c:/st/stm32cubeide_1.7.0/stm32cubeide/plugins/com.st.stm32cube.ide.mcu.externaltools.gnu-tools-for-stm32.9-2020-q2-update.win32_2.0.0.202105311346/tools/bin/../lib/gcc/arm-none-eabi/9.3.1/../../../../arm-none-eabi/lib/thumb/v7e-m+fp/hard\libstdc++_nano.a
LOAD c:/st/stm32cubeide_1.7.0/stm32cubeide/plugins/com.st.stm32cube.ide.mcu.externaltools.gnu-tools-for-stm32.9-2020-q2-update.win32_2.0.0.202105311346/tools/bin/../lib/gcc/arm-none-eabi/9.3.1/../../../../arm-none-eabi/lib/thumb/v7e-m+fp/hard\libsupc++_nano.a
END GROUP
LOAD c:/st/stm32cubeide_1.7.0/stm32cubeide/plugins/com.st.stm32cube.ide.mcu.externaltools.gnu-tools-for-stm32.9-2020-q2-update.win32_2.0.0.202105311346/tools/bin/../lib/gcc/arm-none-eabi/9.3.1/../../../../arm-none-eabi/lib/thumb/v7e-m+fp/hard\libstdc++_nano.a
LOAD c:/st/stm32cubeide_1.7.0/stm32cubeide/plugins/com.st.stm32cube.ide.mcu.externaltools.gnu-tools-for-stm32.9-2020-q2-update.win32_2.0.0.202105311346/tools/bin/../lib/gcc/arm-none-eabi/9.3.1/../../../../arm-none-eabi/lib/thumb/v7e-m+fp/hard\libm.a
LOAD c:/st/stm32cubeide_1.7.0/stm32cubeide/plugins/com.st.stm32cube.ide.mcu.externaltools.gnu-tools-for-stm32.9-2020-q2-update.win32_2.0.0.202105311346/tools/bin/../lib/gcc/arm-none-eabi/9.3.1/../../../../arm-none-eabi/lib/thumb/v7e-m+fp/hard\libc_nano.a
START GROUP
LOAD c:/st/stm32cubeide_1.7.0/stm32cubeide/plugins/com.st.stm32cube.ide.mcu.externaltools.gnu-tools-for-stm32.9-2020-q2-update.win32_2.0.0.202105311346/tools/bin/../lib/gcc/arm-none-eabi/9.3.1/thumb/v7e-m+fp/hard\libgcc.a
LOAD c:/st/stm32cubeide_1.7.0/stm32cubeide/plugins/com.st.stm32cube.ide.mcu.externaltools.gnu-tools-for-stm32.9-2020-q2-update.win32_2.0.0.202105311346/tools/bin/../lib/gcc/arm-none-eabi/9.3.1/../../../../arm-none-eabi/lib/thumb/v7e-m+fp/hard\libc_nano.a
END GROUP
START GROUP
LOAD c:/st/stm32cubeide_1.7.0/stm32cubeide/plugins/com.st.stm32cube.ide.mcu.externaltools.gnu-tools-for-stm32.9-2020-q2-update.win32_2.0.0.202105311346/tools/bin/../lib/gcc/arm-none-eabi/9.3.1/thumb/v7e-m+fp/hard\libgcc.a
LOAD c:/st/stm32cubeide_1.7.0/stm32cubeide/plugins/com.st.stm32cube.ide.mcu.externaltools.gnu-tools-for-stm32.9-2020-q2-update.win32_2.0.0.202105311346/tools/bin/../lib/gcc/arm-none-eabi/9.3.1/../../../../arm-none-eabi/lib/thumb/v7e-m+fp/hard\libc_nano.a
LOAD c:/st/stm32cubeide_1.7.0/stm32cubeide/plugins/com.st.stm32cube.ide.mcu.externaltools.gnu-tools-for-stm32.9-2020-q2-update.win32_2.0.0.202105311346/tools/bin/../lib/gcc/arm-none-eabi/9.3.1/../../../../arm-none-eabi/lib/thumb/v7e-m+fp/hard\libnosys.a
END GROUP
START GROUP
LOAD c:/st/stm32cubeide_1.7.0/stm32cubeide/plugins/com.st.stm32cube.ide.mcu.externaltools.gnu-tools-for-stm32.9-2020-q2-update.win32_2.0.0.202105311346/tools/bin/../lib/gcc/arm-none-eabi/9.3.1/thumb/v7e-m+fp/hard\libgcc.a
LOAD c:/st/stm32cubeide_1.7.0/stm32cubeide/plugins/com.st.stm32cube.ide.mcu.externaltools.gnu-tools-for-stm32.9-2020-q2-update.win32_2.0.0.202105311346/tools/bin/../lib/gcc/arm-none-eabi/9.3.1/../../../../arm-none-eabi/lib/thumb/v7e-m+fp/hard\libc_nano.a
LOAD c:/st/stm32cubeide_1.7.0/stm32cubeide/plugins/com.st.stm32cube.ide.mcu.externaltools.gnu-tools-for-stm32.9-2020-q2-update.win32_2.0.0.202105311346/tools/bin/../lib/gcc/arm-none-eabi/9.3.1/../../../../arm-none-eabi/lib/thumb/v7e-m+fp/hard\libnosys.a
END GROUP
LOAD c:/st/stm32cubeide_1.7.0/stm32cubeide/plugins/com.st.stm32cube.ide.mcu.externaltools.gnu-tools-for-stm32.9-2020-q2-update.win32_2.0.0.202105311346/tools/bin/../lib/gcc/arm-none-eabi/9.3.1/thumb/v7e-m+fp/hard/crtend.o
LOAD c:/st/stm32cubeide_1.7.0/stm32cubeide/plugins/com.st.stm32cube.ide.mcu.externaltools.gnu-tools-for-stm32.9-2020-q2-update.win32_2.0.0.202105311346/tools/bin/../lib/gcc/arm-none-eabi/9.3.1/thumb/v7e-m+fp/hard/crtn.o
                0x0000000020020000                _estack = (ORIGIN (RAM) + LENGTH (RAM))
                0x0000000000000200                _Min_Heap_Size = 0x200
                0x0000000000000400                _Min_Stack_Size = 0x400

.isr_vector     0x0000000008000000      0x1c4
                0x0000000008000000                . = ALIGN (0x4)
 *(.isr_vector)
 .isr_vector    0x0000000008000000      0x1c4 ./Core/Startup/startup_stm32f446retx.o
                0x0000000008000000                g_pfnVectors
                0x00000000080001c4                . = ALIGN (0x4)

.text           0x00000000080001c4     0x18a0
                0x00000000080001c4                . = ALIGN (0x4)
 *(.text)
 .text          0x00000000080001c4       0x40 c:/st/stm32cubeide_1.7.0/stm32cubeide/plugins/com.st.stm32cube.ide.mcu.externaltools.gnu-tools-for-stm32.9-2020-q2-update.win32_2.0.0.202105311346/tools/bin/../lib/gcc/arm-none-eabi/9.3.1/thumb/v7e-m+fp/hard/crtbegin.o
 *(.text*)
 .text.NMI_Handler
                0x0000000008000204        0x6 ./Core/Src/stm32f4xx_it.o
                0x0000000008000204                NMI_Handler
 .text.HardFault_Handler
                0x000000000800020a        0x6 ./Core/Src/stm32f4xx_it.o
                0x000000000800020a                HardFault_Handler
 .text.MemManage_Handler
                0x0000000008000210        0x6 ./Core/Src/stm32f4xx_it.o
                0x0000000008000210                MemManage_Handler
 .text.BusFault_Handler
                0x0000000008000216        0x6 ./Core/Src/stm32f4xx_it.o
                0x0000000008000216                BusFault_Handler
 .text.UsageFault_Handler
                0x000000000800021c        0x6 ./Core/Src/stm32f4xx_it.o
                0x000000000800021c                UsageFault_Handler
 .text.SVC_Handler
                0x0000000008000222        0xe ./Core/Src/stm32f4xx_it.o
                0x0000000008000222                SVC_Handler
 .text.DebugMon_Handler
                0x0000000008000230        0xe ./Core/Src/stm32f4xx_it.o
                0x0000000008000230                DebugMon_Handler
 .text.PendSV_Handler
                0x000000000800023e        0xe ./Core/Src/stm32f4xx_it.o
                0x000000000800023e                PendSV_Handler
 .text.SysTick_Handler
                0x000000000800024c        0xc ./Core/Src/stm32f4xx_it.o
                0x000000000800024c                SysTick_Handler
 .text.USART1_IRQHandler
                0x0000000008000258       0x14 ./Core/Src/stm32f4xx_it.o
                0x0000000008000258                USART1_IRQHandler
 .text.EXTI15_10_IRQHandler
                0x000000000800026c       0x18 ./Core/Src/stm32f4xx_it.o
                0x000000000800026c                EXTI15_10_IRQHandler
 .text.SDIO_IRQHandler
                0x0000000008000284       0x14 ./Core/Src/stm32f4xx_it.o
                0x0000000008000284                SDIO_IRQHandler
 .text.DMA2_Stream3_IRQHandler
                0x0000000008000298       0x14 ./Core/Src/stm32f4xx_it.o
                0x0000000008000298                DMA2_Stream3_IRQHandler
 .text.DMA2_Stream6_IRQHandler
                0x00000000080002ac       0x14 ./Core/Src/stm32f4xx_it.o
                0x00000000080002ac                DMA2_Stream6_IRQHandler
 .text.SystemInit
                0x00000000080002c0       0x24 ./Core/Src/system_stm32f4xx.o
                0x00000000080002c0                SystemInit
 .text.Reset_Handler
                0x00000000080002e4       0x50 ./Core/Startup/startup_stm32f446retx.o
                0x00000000080002e4                Reset_Handler
 .text.Default_Handler
                0x0000000008000334        0x2 ./Core/Startup/startup_stm32f446retx.o
                0x0000000008000334                RTC_Alarm_IRQHandler
                0x0000000008000334                EXTI2_IRQHandler
                0x0000000008000334                TIM8_CC_IRQHandler
                0x0000000008000334                FMPI2C1_EV_IRQHandler
                0x0000000008000334                SPI4_IRQHandler
                0x0000000008000334                TIM1_CC_IRQHandler
                0x0000000008000334                DMA2_Stream5_IRQHandler
                0x0000000008000334                DMA1_Stream5_IRQHandler
                0x0000000008000334                PVD_IRQHandler
                0x0000000008000334                TAMP_STAMP_IRQHandler
                0x0000000008000334                CAN2_RX1_IRQHandler
                0x0000000008000334                EXTI3_IRQHandler
                0x0000000008000334                TIM8_TRG_COM_TIM14_IRQHandler
                0x0000000008000334                TIM1_UP_TIM10_IRQHandler
                0x0000000008000334                TIM8_UP_TIM13_IRQHandler
                0x0000000008000334                I2C3_ER_IRQHandler
                0x0000000008000334                EXTI0_IRQHandler
                0x0000000008000334                I2C2_EV_IRQHandler
                0x0000000008000334                DMA1_Stream2_IRQHandler
                0x0000000008000334                CAN1_RX0_IRQHandler
                0x0000000008000334                FPU_IRQHandler
                0x0000000008000334                OTG_HS_WKUP_IRQHandler
                0x0000000008000334                CAN2_SCE_IRQHandler
                0x0000000008000334                DMA2_Stream2_IRQHandler
                0x0000000008000334                SPI1_IRQHandler
                0x0000000008000334                TIM6_DAC_IRQHandler
                0x0000000008000334                TIM1_BRK_TIM9_IRQHandler
                0x0000000008000334                DCMI_IRQHandler
                0x0000000008000334                CAN2_RX0_IRQHandler
                0x0000000008000334                SAI2_IRQHandler
                0x0000000008000334                USART6_IRQHandler
                0x0000000008000334                USART3_IRQHandler
                0x0000000008000334                CAN1_RX1_IRQHandler
                0x0000000008000334                UART5_IRQHandler
                0x0000000008000334                DMA2_Stream0_IRQHandler
                0x0000000008000334                TIM4_IRQHandler
                0x0000000008000334                QUADSPI_IRQHandler
                0x0000000008000334                I2C1_EV_IRQHandler
                0x0000000008000334                DMA1_Stream6_IRQHandler
                0x0000000008000334                DMA1_Stream1_IRQHandler
                0x0000000008000334                UART4_IRQHandler
                0x0000000008000334                TIM3_IRQHandler
                0x0000000008000334                RCC_IRQHandler
                0x0000000008000334                TIM8_BRK_TIM12_IRQHandler
                0x0000000008000334                Default_Handler
                0x0000000008000334                CEC_IRQHandler
                0x0000000008000334                ADC_IRQHandler
                0x0000000008000334                DMA1_Stream7_IRQHandler
                0x0000000008000334                TIM7_IRQHandler
                0x0000000008000334                CAN2_TX_IRQHandler
                0x0000000008000334                TIM5_IRQHandler
                0x0000000008000334                DMA2_Stream7_IRQHandler
                0x0000000008000334                I2C3_EV_IRQHandler
                0x0000000008000334                EXTI9_5_IRQHandler
                0x0000000008000334                RTC_WKUP_IRQHandler
                0x0000000008000334                SPDIF_RX_IRQHandler
                0x0000000008000334                SPI2_IRQHandler
                0x0000000008000334                OTG_HS_EP1_IN_IRQHandler
                0x0000000008000334                DMA1_Stream0_IRQHandler
                0x0000000008000334                CAN1_TX_IRQHandler
                0x0000000008000334                FMPI2C1_ER_IRQHandler
                0x0000000008000334                EXTI4_IRQHandler
                0x0000000008000334                OTG_HS_EP1_OUT_IRQHandler
                0x0000000008000334                WWDG_IRQHandler
                0x0000000008000334                TIM2_IRQHandler
                0x0000000008000334                OTG_FS_WKUP_IRQHandler
                0x0000000008000334                TIM1_TRG_COM_TIM11_IRQHandler
                0x0000000008000334                OTG_HS_IRQHandler
                0x0000000008000334                EXTI1_IRQHandler
                0x0000000008000334                USART2_IRQHandler
                0x0000000008000334                I2C2_ER_IRQHandler
                0x0000000008000334                DMA2_Stream1_IRQHandler
                0x0000000008000334                CAN1_SCE_IRQHandler
                0x0000000008000334                FLASH_IRQHandler
                0x0000000008000334                DMA2_Stream4_IRQHandler
                0x0000000008000334                OTG_FS_IRQHandler
                0x0000000008000334                SPI3_IRQHandler
                0x0000000008000334                DMA1_Stream4_IRQHandler
                0x0000000008000334                I2C1_ER_IRQHandler
                0x0000000008000334                FMC_IRQHandler
                0x0000000008000334                SAI1_IRQHandler
                0x0000000008000334                DMA1_Stream3_IRQHandler
 *fill*         0x0000000008000336        0x2 
 .text.HAL_IncTick
                0x0000000008000338       0x28 ./Drivers/STM32F4xx_HAL_Driver/Src/stm32f4xx_hal.o
                0x0000000008000338                HAL_IncTick
 .text.HAL_GetTick
                0x0000000008000360       0x18 ./Drivers/STM32F4xx_HAL_Driver/Src/stm32f4xx_hal.o
                0x0000000008000360                HAL_GetTick
 .text.HAL_DMA_Abort
                0x0000000008000378       0xe0 ./Drivers/STM32F4xx_HAL_Driver/Src/stm32f4xx_hal_dma.o
                0x0000000008000378                HAL_DMA_Abort
 .text.HAL_DMA_Abort_IT
                0x0000000008000458       0x44 ./Drivers/STM32F4xx_HAL_Driver/Src/stm32f4xx_hal_dma.o
                0x0000000008000458                HAL_DMA_Abort_IT
 .text.HAL_DMA_IRQHandler
                0x000000000800049c      0x314 ./Drivers/STM32F4xx_HAL_Driver/Src/stm32f4xx_hal_dma.o
                0x000000000800049c                HAL_DMA_IRQHandler
 .text.HAL_GPIO_EXTI_IRQHandler
                0x00000000080007b0       0x30 ./Drivers/STM32F4xx_HAL_Driver/Src/stm32f4xx_hal_gpio.o
                0x00000000080007b0                HAL_GPIO_EXTI_IRQHandler
 .text.HAL_GPIO_EXTI_Callback
                0x00000000080007e0       0x16 ./Drivers/STM32F4xx_HAL_Driver/Src/stm32f4xx_hal_gpio.o
                0x00000000080007e0                HAL_GPIO_EXTI_Callback
 *fill*         0x00000000080007f6        0x2 
 .text.HAL_SD_IRQHandler
                0x00000000080007f8      0x2ec ./Drivers/STM32F4xx_HAL_Driver/Src/stm32f4xx_hal_sd.o
                0x00000000080007f8                HAL_SD_IRQHandler
 .text.HAL_SD_ErrorCallback
                0x0000000008000ae4       0x14 ./Drivers/STM32F4xx_HAL_Driver/Src/stm32f4xx_hal_sd.o
                0x0000000008000ae4                HAL_SD_ErrorCallback
 .text.HAL_SD_GetCardState
                0x0000000008000af8       0x40 ./Drivers/STM32F4xx_HAL_Driver/Src/stm32f4xx_hal_sd.o
                0x0000000008000af8                HAL_SD_GetCardState
 .text.SD_DMATxAbort
                0x0000000008000b38       0x6e ./Drivers/STM32F4xx_HAL_Driver/Src/stm32f4xx_hal_sd.o
 .text.SD_DMARxAbort
                0x0000000008000ba6       0x6e ./Drivers/STM32F4xx_HAL_Driver/Src/stm32f4xx_hal_sd.o
 .text.SD_SendStatus
                0x0000000008000c14       0x50 ./Drivers/STM32F4xx_HAL_Driver/Src/stm32f4xx_hal_sd.o
 .text.SD_Read_IT
                0x0000000008000c64       0xa2 ./Drivers/STM32F4xx_HAL_Driver/Src/stm32f4xx_hal_sd.o
 .text.SD_Write_IT
                0x0000000008000d06       0xaa ./Drivers/STM32F4xx_HAL_Driver/Src/stm32f4xx_hal_sd.o
 .text.HAL_UART_IRQHandler
                0x0000000008000db0      0x51c ./Drivers/STM32F4xx_HAL_Driver/Src/stm32f4xx_hal_uart.o
                0x0000000008000db0                HAL_UART_IRQHandler
 .text.HAL_UART_TxCpltCallback
                0x00000000080012cc       0x14 ./Drivers/STM32F4xx_HAL_Driver/Src/stm32f4xx_hal_uart.o
                0x00000000080012cc                HAL_UART_TxCpltCallback
 .text.HAL_UART_RxCpltCallback
                0x00000000080012e0       0x14 ./Drivers/STM32F4xx_HAL_Driver/Src/stm32f4xx_hal_uart.o
                0x00000000080012e0                HAL_UART_RxCpltCallback
 .text.HAL_UART_ErrorCallback
                0x00000000080012f4       0x14 ./Drivers/STM32F4xx_HAL_Driver/Src/stm32f4xx_hal_uart.o
                0x00000000080012f4                HAL_UART_ErrorCallback
 .text.HAL_UARTEx_RxEventCallback
                0x0000000008001308       0x18 ./Drivers/STM32F4xx_HAL_Driver/Src/stm32f4xx_hal_uart.o
                0x0000000008001308                HAL_UARTEx_RxEventCallback
 .text.UART_EndRxTransfer
                0x0000000008001320       0xc6 ./Drivers/STM32F4xx_HAL_Driver/Src/stm32f4xx_hal_uart.o
 .text.UART_DMAAbortOnError
                0x00000000080013e6       0x28 ./Drivers/STM32F4xx_HAL_Driver/Src/stm32f4xx_hal_uart.o
 .text.UART_Transmit_IT
                0x000000000800140e       0xa0 ./Drivers/STM32F4xx_HAL_Driver/Src/stm32f4xx_hal_uart.o
 .text.UART_EndTransmit_IT
                0x00000000080014ae       0x30 ./Drivers/STM32F4xx_HAL_Driver/Src/stm32f4xx_hal_uart.o
 .text.UART_Receive_IT
                0x00000000080014de      0x176 ./Drivers/STM32F4xx_HAL_Driver/Src/stm32f4xx_hal_uart.o
 .text.SDIO_ReadFIFO
                0x0000000008001654       0x1a ./Drivers/STM32F4xx_HAL_Driver/Src/stm32f4xx_ll_sdmmc.o
                0x0000000008001654                SDIO_ReadFIFO
 .text.SDIO_WriteFIFO
                0x000000000800166e       0x22 ./Drivers/STM32F4xx_HAL_Driver/Src/stm32f4xx_ll_sdmmc.o
                0x000000000800166e                SDIO_WriteFIFO
 .text.SDIO_SendCommand
                0x0000000008001690       0x54 ./Drivers/STM32F4xx_HAL_Driver/Src/stm32f4xx_ll_sdmmc.o
                0x0000000008001690                SDIO_SendCommand
 .text.SDIO_GetCommandResponse
                0x00000000080016e4       0x1a ./Drivers/STM32F4xx_HAL_Driver/Src/stm32f4xx_ll_sdmmc.o
                0x00000000080016e4                SDIO_GetCommandResponse
 .text.SDIO_GetResponse
                0x00000000080016fe       0x26 ./Drivers/STM32F4xx_HAL_Driver/Src/stm32f4xx_ll_sdmmc.o
                0x00000000080016fe                SDIO_GetResponse
 .text.SDMMC_CmdStopTransfer
                0x0000000008001724       0x44 ./Drivers/STM32F4xx_HAL_Driver/Src/stm32f4xx_ll_sdmmc.o
                0x0000000008001724                SDMMC_CmdStopTransfer
 .text.SDMMC_CmdSendStatus
                0x0000000008001768       0x44 ./Drivers/STM32F4xx_HAL_Driver/Src/stm32f4xx_ll_sdmmc.o
                0x0000000008001768                SDMMC_CmdSendStatus
 .text.SDMMC_GetCmdResp1
                0x00000000080017ac      0x1dc ./Drivers/STM32F4xx_HAL_Driver/Src/stm32f4xx_ll_sdmmc.o
 .text.HAL_SD_AbortCallback
                0x0000000008001988       0x14 ./FATFS/Target/bsp_driver_sd.o
                0x0000000008001988                HAL_SD_AbortCallback
 .text.HAL_SD_TxCpltCallback
                0x000000000800199c       0x14 ./FATFS/Target/bsp_driver_sd.o
                0x000000000800199c                HAL_SD_TxCpltCallback
 .text.HAL_SD_RxCpltCallback
                0x00000000080019b0       0x14 ./FATFS/Target/bsp_driver_sd.o
                0x00000000080019b0                HAL_SD_RxCpltCallback
 .text.BSP_SD_AbortCallback
                0x00000000080019c4        0xe ./FATFS/Target/bsp_driver_sd.o
                0x00000000080019c4                BSP_SD_AbortCallback
 *fill*         0x00000000080019d2        0x2 
 .text.BSP_SD_WriteCpltCallback
                0x00000000080019d4       0x18 ./FATFS/Target/sd_diskio.o
                0x00000000080019d4                BSP_SD_WriteCpltCallback
 .text.BSP_SD_ReadCpltCallback
                0x00000000080019ec       0x18 ./FATFS/Target/sd_diskio.o
                0x00000000080019ec                BSP_SD_ReadCpltCallback
 .text.__libc_init_array
                0x0000000008001a04       0x48 c:/st/stm32cubeide_1.7.0/stm32cubeide/plugins/com.st.stm32cube.ide.mcu.externaltools.gnu-tools-for-stm32.9-2020-q2-update.win32_2.0.0.202105311346/tools/bin/../lib/gcc/arm-none-eabi/9.3.1/../../../../arm-none-eabi/lib/thumb/v7e-m+fp/hard\libc_nano.a(lib_a-init.o)
                0x0000000008001a04                __libc_init_array
 *(.glue_7)
 .glue_7        0x0000000008001a4c        0x0 linker stubs
 *(.glue_7t)
 .glue_7t       0x0000000008001a4c        0x0 linker stubs
 *(.eh_frame)
 .eh_frame      0x0000000008001a4c        0x0 c:/st/stm32cubeide_1.7.0/stm32cubeide/plugins/com.st.stm32cube.ide.mcu.externaltools.gnu-tools-for-stm32.9-2020-q2-update.win32_2.0.0.202105311346/tools/bin/../lib/gcc/arm-none-eabi/9.3.1/thumb/v7e-m+fp/hard/crtbegin.o
 *(.init)
 .init          0x0000000008001a4c        0x4 c:/st/stm32cubeide_1.7.0/stm32cubeide/plugins/com.st.stm32cube.ide.mcu.externaltools.gnu-tools-for-stm32.9-2020-q2-update.win32_2.0.0.202105311346/tools/bin/../lib/gcc/arm-none-eabi/9.3.1/thumb/v7e-m+fp/hard/crti.o
                0x0000000008001a4c                _init
 .init          0x0000000008001a50        0x8 c:/st/stm32cubeide_1.7.0/stm32cubeide/plugins/com.st.stm32cube.ide.mcu.externaltools.gnu-tools-for-stm32.9-2020-q2-update.win32_2.0.0.202105311346/tools/bin/../lib/gcc/arm-none-eabi/9.3.1/thumb/v7e-m+fp/hard/crtn.o
 *(.fini)
 .fini          0x0000000008001a58        0x4 c:/st/stm32cubeide_1.7.0/stm32cubeide/plugins/com.st.stm32cube.ide.mcu.externaltools.gnu-tools-for-stm32.9-2020-q2-update.win32_2.0.0.202105311346/tools/bin/../lib/gcc/arm-none-eabi/9.3.1/thumb/v7e-m+fp/hard/crti.o
                0x0000000008001a58                _fini
 .fini          0x0000000008001a5c        0x8 c:/st/stm32cubeide_1.7.0/stm32cubeide/plugins/com.st.stm32cube.ide.mcu.externaltools.gnu-tools-for-stm32.9-2020-q2-update.win32_2.0.0.202105311346/tools/bin/../lib/gcc/arm-none-eabi/9.3.1/thumb/v7e-m+fp/hard/crtn.o
                0x0000000008001a64                . = ALIGN (0x4)
                0x0000000008001a64                _etext = .

.vfp11_veneer   0x0000000008001a64        0x0
 .vfp11_veneer  0x0000000008001a64        0x0 linker stubs

.v4_bx          0x0000000008001a64        0x0
 .v4_bx         0x0000000008001a64        0x0 linker stubs

.iplt           0x0000000008001a64        0x0
 .iplt          0x0000000008001a64        0x0 c:/st/stm32cubeide_1.7.0/stm32cubeide/plugins/com.st.stm32cube.ide.mcu.externaltools.gnu-tools-for-stm32.9-2020-q2-update.win32_2.0.0.202105311346/tools/bin/../lib/gcc/arm-none-eabi/9.3.1/thumb/v7e-m+fp/hard/crtbegin.o

.rel.dyn        0x0000000008001a64        0x0
 .rel.iplt      0x0000000008001a64        0x0 c:/st/stm32cubeide_1.7.0/stm32cubeide/plugins/com.st.stm32cube.ide.mcu.externaltools.gnu-tools-for-stm32.9-2020-q2-update.win32_2.0.0.202105311346/tools/bin/../lib/gcc/arm-none-eabi/9.3.1/thumb/v7e-m+fp/hard/crtbegin.o

.rodata         0x0000000008001a64        0x0
                0x0000000008001a64                . = ALIGN (0x4)
 *(.rodata)
 *(.rodata*)
                0x0000000008001a64                . = ALIGN (0x4)

.ARM.extab      0x0000000008001a64        0x0
                0x0000000008001a64                . = ALIGN (0x4)
 *(.ARM.extab* .gnu.linkonce.armextab.*)
                0x0000000008001a64                . = ALIGN (0x4)

.ARM            0x0000000008001a64        0x0
                0x0000000008001a64                . = ALIGN (0x4)
                0x0000000008001a64                __exidx_start = .
 *(.ARM.exidx*)
                0x0000000008001a64                __exidx_end = .
                0x0000000008001a64                . = ALIGN (0x4)

.preinit_array  0x0000000008001a64        0x0
                0x0000000008001a64                . = ALIGN (0x4)
                0x0000000008001a64                PROVIDE (__preinit_array_start = .)
 *(.preinit_array*)
                0x0000000008001a64                PROVIDE (__preinit_array_end = .)
                0x0000000008001a64                . = ALIGN (0x4)

.init_array     0x0000000008001a64        0x4
                0x0000000008001a64                . = ALIGN (0x4)
                0x0000000008001a64                PROVIDE (__init_array_start = .)
 *(SORT_BY_NAME(.init_array.*))
 *(.init_array*)
 .init_array    0x0000000008001a64        0x4 c:/st/stm32cubeide_1.7.0/stm32cubeide/plugins/com.st.stm32cube.ide.mcu.externaltools.gnu-tools-for-stm32.9-2020-q2-update.win32_2.0.0.202105311346/tools/bin/../lib/gcc/arm-none-eabi/9.3.1/thumb/v7e-m+fp/hard/crtbegin.o
                0x0000000008001a68                PROVIDE (__init_array_end = .)
                0x0000000008001a68                . = ALIGN (0x4)

.fini_array     0x0000000008001a68        0x4
                0x0000000008001a68                . = ALIGN (0x4)
                [!provide]                        PROVIDE (__fini_array_start = .)
 *(SORT_BY_NAME(.fini_array.*))
 *(.fini_array*)
 .fini_array    0x0000000008001a68        0x4 c:/st/stm32cubeide_1.7.0/stm32cubeide/plugins/com.st.stm32cube.ide.mcu.externaltools.gnu-tools-for-stm32.9-2020-q2-update.win32_2.0.0.202105311346/tools/bin/../lib/gcc/arm-none-eabi/9.3.1/thumb/v7e-m+fp/hard/crtbegin.o
                [!provide]                        PROVIDE (__fini_array_end = .)
                0x0000000008001a6c                . = ALIGN (0x4)
                0x0000000008001a6c                _sidata = LOADADDR (.data)

.data           0x0000000020000000        0x8 load address 0x0000000008001a6c
                0x0000000020000000                . = ALIGN (0x4)
                0x0000000020000000                _sdata = .
 *(.data)
 *(.data*)
 .data.SystemCoreClock
                0x0000000020000000        0x4 ./Core/Src/system_stm32f4xx.o
                0x0000000020000000                SystemCoreClock
 .data.uwTickFreq
                0x0000000020000004        0x1 ./Drivers/STM32F4xx_HAL_Driver/Src/stm32f4xx_hal.o
                0x0000000020000004                uwTickFreq
 *(.RamFunc)
 *(.RamFunc*)
                0x0000000020000008                . = ALIGN (0x4)
 *fill*         0x0000000020000005        0x3 
                0x0000000020000008                _edata = .

.igot.plt       0x0000000020000008        0x0 load address 0x0000000008001a74
 .igot.plt      0x0000000020000008        0x0 c:/st/stm32cubeide_1.7.0/stm32cubeide/plugins/com.st.stm32cube.ide.mcu.externaltools.gnu-tools-for-stm32.9-2020-q2-update.win32_2.0.0.202105311346/tools/bin/../lib/gcc/arm-none-eabi/9.3.1/thumb/v7e-m+fp/hard/crtbegin.o
                0x0000000020000008                . = ALIGN (0x4)

.bss            0x0000000020000008      0x1b0 load address 0x0000000008001a74
                0x0000000020000008                _sbss = .
                0x0000000020000008                __bss_start__ = _sbss
 *(.bss)
 .bss           0x0000000020000008       0x1c c:/st/stm32cubeide_1.7.0/stm32cubeide/plugins/com.st.stm32cube.ide.mcu.externaltools.gnu-tools-for-stm32.9-2020-q2-update.win32_2.0.0.202105311346/tools/bin/../lib/gcc/arm-none-eabi/9.3.1/thumb/v7e-m+fp/hard/crtbegin.o
 *(.bss*)
 .bss.WriteStatus
                0x0000000020000024        0x4 ./FATFS/Target/sd_diskio.o
 .bss.ReadStatus
                0x0000000020000028        0x4 ./FATFS/Target/sd_diskio.o
 *(COMMON)
 COMMON         0x000000002000002c      0x188 ./Core/Src/main.o
                0x000000002000002c                hdma_sdio_rx
                0x000000002000008c                huart1
                0x00000000200000d0                hdma_sdio_tx
                0x0000000020000130                hsd
 COMMON         0x00000000200001b4        0x4 ./Drivers/STM32F4xx_HAL_Driver/Src/stm32f4xx_hal.o
                0x00000000200001b4                uwTick
                0x00000000200001b8                . = ALIGN (0x4)
                0x00000000200001b8                _ebss = .
                0x00000000200001b8                __bss_end__ = _ebss

._user_heap_stack
                0x00000000200001b8      0x600 load address 0x0000000008001a74
                0x00000000200001b8                . = ALIGN (0x8)
                [!provide]                        PROVIDE (end = .)
                0x00000000200001b8                PROVIDE (_end = .)
                0x00000000200003b8                . = (. + _Min_Heap_Size)
 *fill*         0x00000000200001b8      0x200 
                0x00000000200007b8                . = (. + _Min_Stack_Size)
 *fill*         0x00000000200003b8      0x400 
                0x00000000200007b8                . = ALIGN (0x8)

/DISCARD/
 libc.a(*)
 libm.a(*)
 libgcc.a(*)

.ARM.attributes
                0x0000000000000000       0x30
 *(.ARM.attributes)
 .ARM.attributes
                0x0000000000000000       0x1e c:/st/stm32cubeide_1.7.0/stm32cubeide/plugins/com.st.stm32cube.ide.mcu.externaltools.gnu-tools-for-stm32.9-2020-q2-update.win32_2.0.0.202105311346/tools/bin/../lib/gcc/arm-none-eabi/9.3.1/thumb/v7e-m+fp/hard/crti.o
 .ARM.attributes
                0x000000000000001e       0x34 c:/st/stm32cubeide_1.7.0/stm32cubeide/plugins/com.st.stm32cube.ide.mcu.externaltools.gnu-tools-for-stm32.9-2020-q2-update.win32_2.0.0.202105311346/tools/bin/../lib/gcc/arm-none-eabi/9.3.1/thumb/v7e-m+fp/hard/crtbegin.o
 .ARM.attributes
                0x0000000000000052       0x34 ./Core/Src/main.o
 .ARM.attributes
                0x0000000000000086       0x34 ./Core/Src/stm32f4xx_it.o
 .ARM.attributes
                0x00000000000000ba       0x34 ./Core/Src/system_stm32f4xx.o
 .ARM.attributes
                0x00000000000000ee       0x21 ./Core/Startup/startup_stm32f446retx.o
 .ARM.attributes
                0x000000000000010f       0x34 ./Drivers/STM32F4xx_HAL_Driver/Src/stm32f4xx_hal.o
 .ARM.attributes
                0x0000000000000143       0x34 ./Drivers/STM32F4xx_HAL_Driver/Src/stm32f4xx_hal_dma.o
 .ARM.attributes
                0x0000000000000177       0x34 ./Drivers/STM32F4xx_HAL_Driver/Src/stm32f4xx_hal_gpio.o
 .ARM.attributes
                0x00000000000001ab       0x34 ./Drivers/STM32F4xx_HAL_Driver/Src/stm32f4xx_hal_sd.o
 .ARM.attributes
                0x00000000000001df       0x34 ./Drivers/STM32F4xx_HAL_Driver/Src/stm32f4xx_hal_uart.o
 .ARM.attributes
                0x0000000000000213       0x34 ./Drivers/STM32F4xx_HAL_Driver/Src/stm32f4xx_ll_sdmmc.o
 .ARM.attributes
                0x0000000000000247       0x34 ./FATFS/Target/bsp_driver_sd.o
 .ARM.attributes
                0x000000000000027b       0x34 ./FATFS/Target/sd_diskio.o
 .ARM.attributes
                0x00000000000002af       0x34 c:/st/stm32cubeide_1.7.0/stm32cubeide/plugins/com.st.stm32cube.ide.mcu.externaltools.gnu-tools-for-stm32.9-2020-q2-update.win32_2.0.0.202105311346/tools/bin/../lib/gcc/arm-none-eabi/9.3.1/../../../../arm-none-eabi/lib/thumb/v7e-m+fp/hard\libc_nano.a(lib_a-init.o)
 .ARM.attributes
                0x00000000000002e3       0x1e c:/st/stm32cubeide_1.7.0/stm32cubeide/plugins/com.st.stm32cube.ide.mcu.externaltools.gnu-tools-for-stm32.9-2020-q2-update.win32_2.0.0.202105311346/tools/bin/../lib/gcc/arm-none-eabi/9.3.1/thumb/v7e-m+fp/hard/crtn.o
OUTPUT(LED_stm1.elf elf32-littlearm)
LOAD linker stubs
LOAD c:/st/stm32cubeide_1.7.0/stm32cubeide/plugins/com.st.stm32cube.ide.mcu.externaltools.gnu-tools-for-stm32.9-2020-q2-update.win32_2.0.0.202105311346/tools/bin/../lib/gcc/arm-none-eabi/9.3.1/../../../../arm-none-eabi/lib/thumb/v7e-m+fp/hard\libc.a
LOAD c:/st/stm32cubeide_1.7.0/stm32cubeide/plugins/com.st.stm32cube.ide.mcu.externaltools.gnu-tools-for-stm32.9-2020-q2-update.win32_2.0.0.202105311346/tools/bin/../lib/gcc/arm-none-eabi/9.3.1/../../../../arm-none-eabi/lib/thumb/v7e-m+fp/hard\libm.a
LOAD c:/st/stm32cubeide_1.7.0/stm32cubeide/plugins/com.st.stm32cube.ide.mcu.externaltools.gnu-tools-for-stm32.9-2020-q2-update.win32_2.0.0.202105311346/tools/bin/../lib/gcc/arm-none-eabi/9.3.1/thumb/v7e-m+fp/hard\libgcc.a

.debug_info     0x0000000000000000     0xc4b4
 .debug_info    0x0000000000000000     0x1f2c ./Core/Src/main.o
 .debug_info    0x0000000000001f2c      0xaf0 ./Core/Src/stm32f4xx_it.o
 .debug_info    0x0000000000002a1c      0x5dc ./Core/Src/system_stm32f4xx.o
 .debug_info    0x0000000000002ff8       0x22 ./Core/Startup/startup_stm32f446retx.o
 .debug_info    0x000000000000301a      0xa08 ./Drivers/STM32F4xx_HAL_Driver/Src/stm32f4xx_hal.o
 .debug_info    0x0000000000003a22      0x9f1 ./Drivers/STM32F4xx_HAL_Driver/Src/stm32f4xx_hal_dma.o
 .debug_info    0x0000000000004413      0x892 ./Drivers/STM32F4xx_HAL_Driver/Src/stm32f4xx_hal_gpio.o
 .debug_info    0x0000000000004ca5     0x1a66 ./Drivers/STM32F4xx_HAL_Driver/Src/stm32f4xx_hal_sd.o
 .debug_info    0x000000000000670b     0x31de ./Drivers/STM32F4xx_HAL_Driver/Src/stm32f4xx_hal_uart.o
 .debug_info    0x00000000000098e9     0x1249 ./Drivers/STM32F4xx_HAL_Driver/Src/stm32f4xx_ll_sdmmc.o
 .debug_info    0x000000000000ab32      0xae8 ./FATFS/Target/bsp_driver_sd.o
 .debug_info    0x000000000000b61a      0xe9a ./FATFS/Target/sd_diskio.o

.debug_abbrev   0x0000000000000000     0x18a2
 .debug_abbrev  0x0000000000000000      0x2cb ./Core/Src/main.o
 .debug_abbrev  0x00000000000002cb      0x1a1 ./Core/Src/stm32f4xx_it.o
 .debug_abbrev  0x000000000000046c      0x145 ./Core/Src/system_stm32f4xx.o
 .debug_abbrev  0x00000000000005b1       0x12 ./Core/Startup/startup_stm32f446retx.o
 .debug_abbrev  0x00000000000005c3      0x1ed ./Drivers/STM32F4xx_HAL_Driver/Src/stm32f4xx_hal.o
 .debug_abbrev  0x00000000000007b0      0x259 ./Drivers/STM32F4xx_HAL_Driver/Src/stm32f4xx_hal_dma.o
 .debug_abbrev  0x0000000000000a09      0x1f1 ./Drivers/STM32F4xx_HAL_Driver/Src/stm32f4xx_hal_gpio.o
 .debug_abbrev  0x0000000000000bfa      0x26d ./Drivers/STM32F4xx_HAL_Driver/Src/stm32f4xx_hal_sd.o
 .debug_abbrev  0x0000000000000e67      0x2eb ./Drivers/STM32F4xx_HAL_Driver/Src/stm32f4xx_hal_uart.o
 .debug_abbrev  0x0000000000001152      0x1ec ./Drivers/STM32F4xx_HAL_Driver/Src/stm32f4xx_ll_sdmmc.o
 .debug_abbrev  0x000000000000133e      0x2a4 ./FATFS/Target/bsp_driver_sd.o
 .debug_abbrev  0x00000000000015e2      0x2c0 ./FATFS/Target/sd_diskio.o

.debug_aranges  0x0000000000000000      0x8e0
 .debug_aranges
                0x0000000000000000       0x48 ./Core/Src/main.o
 .debug_aranges
                0x0000000000000048       0x88 ./Core/Src/stm32f4xx_it.o
 .debug_aranges
                0x00000000000000d0       0x28 ./Core/Src/system_stm32f4xx.o
 .debug_aranges
                0x00000000000000f8       0x28 ./Core/Startup/startup_stm32f446retx.o
 .debug_aranges
                0x0000000000000120       0xf0 ./Drivers/STM32F4xx_HAL_Driver/Src/stm32f4xx_hal.o
 .debug_aranges
                0x0000000000000210       0x90 ./Drivers/STM32F4xx_HAL_Driver/Src/stm32f4xx_hal_dma.o
 .debug_aranges
                0x00000000000002a0       0x58 ./Drivers/STM32F4xx_HAL_Driver/Src/stm32f4xx_hal_gpio.o
 .debug_aranges
                0x00000000000002f8      0x168 ./Drivers/STM32F4xx_HAL_Driver/Src/stm32f4xx_hal_sd.o
 .debug_aranges
                0x0000000000000460      0x200 ./Drivers/STM32F4xx_HAL_Driver/Src/stm32f4xx_hal_uart.o
 .debug_aranges
                0x0000000000000660      0x180 ./Drivers/STM32F4xx_HAL_Driver/Src/stm32f4xx_ll_sdmmc.o
 .debug_aranges
                0x00000000000007e0       0xa0 ./FATFS/Target/bsp_driver_sd.o
 .debug_aranges
                0x0000000000000880       0x60 ./FATFS/Target/sd_diskio.o

.debug_ranges   0x0000000000000000      0x858
 .debug_ranges  0x0000000000000000       0x38 ./Core/Src/main.o
 .debug_ranges  0x0000000000000038       0x78 ./Core/Src/stm32f4xx_it.o
 .debug_ranges  0x00000000000000b0       0x18 ./Core/Src/system_stm32f4xx.o
 .debug_ranges  0x00000000000000c8       0x20 ./Core/Startup/startup_stm32f446retx.o
 .debug_ranges  0x00000000000000e8       0xe0 ./Drivers/STM32F4xx_HAL_Driver/Src/stm32f4xx_hal.o
 .debug_ranges  0x00000000000001c8       0x80 ./Drivers/STM32F4xx_HAL_Driver/Src/stm32f4xx_hal_dma.o
 .debug_ranges  0x0000000000000248       0x48 ./Drivers/STM32F4xx_HAL_Driver/Src/stm32f4xx_hal_gpio.o
 .debug_ranges  0x0000000000000290      0x158 ./Drivers/STM32F4xx_HAL_Driver/Src/stm32f4xx_hal_sd.o
 .debug_ranges  0x00000000000003e8      0x220 ./Drivers/STM32F4xx_HAL_Driver/Src/stm32f4xx_hal_uart.o
 .debug_ranges  0x0000000000000608      0x170 ./Drivers/STM32F4xx_HAL_Driver/Src/stm32f4xx_ll_sdmmc.o
 .debug_ranges  0x0000000000000778       0x90 ./FATFS/Target/bsp_driver_sd.o
 .debug_ranges  0x0000000000000808       0x50 ./FATFS/Target/sd_diskio.o

.debug_macro    0x0000000000000000    0x21b75
 .debug_macro   0x0000000000000000      0x31f ./Core/Src/main.o
 .debug_macro   0x000000000000031f      0xaa8 ./Core/Src/main.o
 .debug_macro   0x0000000000000dc7      0x29b ./Core/Src/main.o
 .debug_macro   0x0000000000001062       0x2e ./Core/Src/main.o
 .debug_macro   0x0000000000001090       0x28 ./Core/Src/main.o
 .debug_macro   0x00000000000010b8       0x22 ./Core/Src/main.o
 .debug_macro   0x00000000000010da       0x8e ./Core/Src/main.o
 .debug_macro   0x0000000000001168       0x51 ./Core/Src/main.o
 .debug_macro   0x00000000000011b9      0x103 ./Core/Src/main.o
 .debug_macro   0x00000000000012bc       0x6a ./Core/Src/main.o
 .debug_macro   0x0000000000001326      0x1df ./Core/Src/main.o
 .debug_macro   0x0000000000001505       0x1c ./Core/Src/main.o
 .debug_macro   0x0000000000001521       0x22 ./Core/Src/main.o
 .debug_macro   0x0000000000001543       0xdf ./Core/Src/main.o
 .debug_macro   0x0000000000001622     0x102d ./Core/Src/main.o
 .debug_macro   0x000000000000264f      0x11f ./Core/Src/main.o
 .debug_macro   0x000000000000276e    0x16749 ./Core/Src/main.o
 .debug_macro   0x0000000000018eb7       0x6d ./Core/Src/main.o
 .debug_macro   0x0000000000018f24     0x3666 ./Core/Src/main.o
 .debug_macro   0x000000000001c58a      0x174 ./Core/Src/main.o
 .debug_macro   0x000000000001c6fe       0x5c ./Core/Src/main.o
 .debug_macro   0x000000000001c75a      0xc90 ./Core/Src/main.o
 .debug_macro   0x000000000001d3ea      0x9fe ./Core/Src/main.o
 .debug_macro   0x000000000001dde8      0x116 ./Core/Src/main.o
 .debug_macro   0x000000000001defe      0x1a0 ./Core/Src/main.o
 .debug_macro   0x000000000001e09e       0xa5 ./Core/Src/main.o
 .debug_macro   0x000000000001e143      0x16d ./Core/Src/main.o
 .debug_macro   0x000000000001e2b0      0x287 ./Core/Src/main.o
 .debug_macro   0x000000000001e537       0x5f ./Core/Src/main.o
 .debug_macro   0x000000000001e596      0x236 ./Core/Src/main.o
 .debug_macro   0x000000000001e7cc      0x132 ./Core/Src/main.o
 .debug_macro   0x000000000001e8fe      0x29c ./Core/Src/main.o
 .debug_macro   0x000000000001eb9a       0x2e ./Core/Src/main.o
 .debug_macro   0x000000000001ebc8      0x11a ./Core/Src/main.o
 .debug_macro   0x000000000001ece2       0xe8 ./Core/Src/main.o
 .debug_macro   0x000000000001edca       0x89 ./Core/Src/main.o
 .debug_macro   0x000000000001ee53      0x81b ./Core/Src/main.o
 .debug_macro   0x000000000001f66e      0x1d5 ./Core/Src/main.o
 .debug_macro   0x000000000001f843      0x295 ./Core/Src/main.o
 .debug_macro   0x000000000001fad8      0x126 ./Core/Src/main.o
 .debug_macro   0x000000000001fbfe       0x58 ./Core/Src/main.o
 .debug_macro   0x000000000001fc56       0x1c ./Core/Src/main.o
 .debug_macro   0x000000000001fc72       0x34 ./Core/Src/main.o
 .debug_macro   0x000000000001fca6       0xe5 ./Core/Src/main.o
 .debug_macro   0x000000000001fd8b       0x18 ./Core/Src/main.o
 .debug_macro   0x000000000001fda3       0x52 ./Core/Src/main.o
 .debug_macro   0x000000000001fdf5       0x3c ./Core/Src/main.o
 .debug_macro   0x000000000001fe31       0x34 ./Core/Src/main.o
 .debug_macro   0x000000000001fe65       0x16 ./Core/Src/main.o
 .debug_macro   0x000000000001fe7b       0x35 ./Core/Src/main.o
 .debug_macro   0x000000000001feb0       0x16 ./Core/Src/main.o
 .debug_macro   0x000000000001fec6       0x43 ./Core/Src/main.o
 .debug_macro   0x000000000001ff09       0x34 ./Core/Src/main.o
 .debug_macro   0x000000000001ff3d       0x10 ./Core/Src/main.o
 .debug_macro   0x000000000001ff4d       0x58 ./Core/Src/main.o
 .debug_macro   0x000000000001ffa5       0x71 ./Core/Src/main.o
 .debug_macro   0x0000000000020016       0x1c ./Core/Src/main.o
 .debug_macro   0x0000000000020032      0x12a ./Core/Src/main.o
 .debug_macro   0x000000000002015c      0x333 ./Core/Src/main.o
 .debug_macro   0x000000000002048f       0x16 ./Core/Src/main.o
 .debug_macro   0x00000000000204a5       0x29 ./Core/Src/main.o
 .debug_macro   0x00000000000204ce       0x12 ./Core/Src/main.o
 .debug_macro   0x00000000000204e0       0xe2 ./Core/Src/main.o
 .debug_macro   0x00000000000205c2       0x8e ./Core/Src/main.o
 .debug_macro   0x0000000000020650      0x1ec ./Core/Src/stm32f4xx_it.o
 .debug_macro   0x000000000002083c      0x1d3 ./Core/Src/system_stm32f4xx.o
 .debug_macro   0x0000000000020a0f      0x233 ./Drivers/STM32F4xx_HAL_Driver/Src/stm32f4xx_hal.o
 .debug_macro   0x0000000000020c42      0x1d9 ./Drivers/STM32F4xx_HAL_Driver/Src/stm32f4xx_hal_dma.o
 .debug_macro   0x0000000000020e1b      0x1d9 ./Drivers/STM32F4xx_HAL_Driver/Src/stm32f4xx_hal_gpio.o
 .debug_macro   0x0000000000020ff4      0x1d4 ./Drivers/STM32F4xx_HAL_Driver/Src/stm32f4xx_hal_sd.o
 .debug_macro   0x00000000000211c8      0x1d4 ./Drivers/STM32F4xx_HAL_Driver/Src/stm32f4xx_hal_uart.o
 .debug_macro   0x000000000002139c      0x1d4 ./Drivers/STM32F4xx_HAL_Driver/Src/stm32f4xx_ll_sdmmc.o
 .debug_macro   0x0000000000021570      0x1eb ./FATFS/Target/bsp_driver_sd.o
 .debug_macro   0x000000000002175b      0x352 ./FATFS/Target/sd_diskio.o
 .debug_macro   0x0000000000021aad       0x16 ./FATFS/Target/sd_diskio.o
 .debug_macro   0x0000000000021ac3       0x7c ./FATFS/Target/sd_diskio.o
 .debug_macro   0x0000000000021b3f       0x16 ./FATFS/Target/sd_diskio.o
 .debug_macro   0x0000000000021b55       0x20 ./FATFS/Target/sd_diskio.o

.debug_line     0x0000000000000000     0xa838
 .debug_line    0x0000000000000000      0x9f8 ./Core/Src/main.o
 .debug_line    0x00000000000009f8      0x7ff ./Core/Src/stm32f4xx_it.o
 .debug_line    0x00000000000011f7      0x745 ./Core/Src/system_stm32f4xx.o
 .debug_line    0x000000000000193c       0x88 ./Core/Startup/startup_stm32f446retx.o
 .debug_line    0x00000000000019c4      0x9ab ./Drivers/STM32F4xx_HAL_Driver/Src/stm32f4xx_hal.o
 .debug_line    0x000000000000236f      0xf10 ./Drivers/STM32F4xx_HAL_Driver/Src/stm32f4xx_hal_dma.o
 .debug_line    0x000000000000327f      0xb0d ./Drivers/STM32F4xx_HAL_Driver/Src/stm32f4xx_hal_gpio.o
 .debug_line    0x0000000000003d8c     0x1dcc ./Drivers/STM32F4xx_HAL_Driver/Src/stm32f4xx_hal_sd.o
 .debug_line    0x0000000000005b58     0x2a32 ./Drivers/STM32F4xx_HAL_Driver/Src/stm32f4xx_hal_uart.o
 .debug_line    0x000000000000858a      0xf16 ./Drivers/STM32F4xx_HAL_Driver/Src/stm32f4xx_ll_sdmmc.o
 .debug_line    0x00000000000094a0      0x8b1 ./FATFS/Target/bsp_driver_sd.o
 .debug_line    0x0000000000009d51      0xae7 ./FATFS/Target/sd_diskio.o

.debug_str      0x0000000000000000    0xccd37
 .debug_str     0x0000000000000000    0xcace6 ./Core/Src/main.o
                                      0xcb128 (size before relaxing)
 .debug_str     0x00000000000cace6      0x114 ./Core/Src/stm32f4xx_it.o
                                      0xc6e48 (size before relaxing)
 .debug_str     0x00000000000cadfa       0xaf ./Core/Src/system_stm32f4xx.o
                                      0xc6738 (size before relaxing)
 .debug_str     0x00000000000caea9       0x36 ./Core/Startup/startup_stm32f446retx.o
                                         0x67 (size before relaxing)
 .debug_str     0x00000000000caedf      0x594 ./Drivers/STM32F4xx_HAL_Driver/Src/stm32f4xx_hal.o
                                      0xc725b (size before relaxing)
 .debug_str     0x00000000000cb473      0x322 ./Drivers/STM32F4xx_HAL_Driver/Src/stm32f4xx_hal_dma.o
                                      0xc6b3d (size before relaxing)
 .debug_str     0x00000000000cb795      0x15f ./Drivers/STM32F4xx_HAL_Driver/Src/stm32f4xx_hal_gpio.o
                                      0xc68df (size before relaxing)
 .debug_str     0x00000000000cb8f4      0x708 ./Drivers/STM32F4xx_HAL_Driver/Src/stm32f4xx_hal_sd.o
                                      0xc7214 (size before relaxing)
 .debug_str     0x00000000000cbffc      0x645 ./Drivers/STM32F4xx_HAL_Driver/Src/stm32f4xx_hal_uart.o
                                      0xc709b (size before relaxing)
 .debug_str     0x00000000000cc641      0x44a ./Drivers/STM32F4xx_HAL_Driver/Src/stm32f4xx_ll_sdmmc.o
                                      0xc6ba0 (size before relaxing)
 .debug_str     0x00000000000cca8b      0x164 ./FATFS/Target/bsp_driver_sd.o
                                      0xc6d27 (size before relaxing)
 .debug_str     0x00000000000ccbef      0x148 ./FATFS/Target/sd_diskio.o
                                      0xca328 (size before relaxing)

.comment        0x0000000000000000       0x53
 .comment       0x0000000000000000       0x53 ./Core/Src/main.o
                                         0x54 (size before relaxing)
 .comment       0x0000000000000053       0x54 ./Core/Src/stm32f4xx_it.o
 .comment       0x0000000000000053       0x54 ./Core/Src/system_stm32f4xx.o
 .comment       0x0000000000000053       0x54 ./Drivers/STM32F4xx_HAL_Driver/Src/stm32f4xx_hal.o
 .comment       0x0000000000000053       0x54 ./Drivers/STM32F4xx_HAL_Driver/Src/stm32f4xx_hal_dma.o
 .comment       0x0000000000000053       0x54 ./Drivers/STM32F4xx_HAL_Driver/Src/stm32f4xx_hal_gpio.o
 .comment       0x0000000000000053       0x54 ./Drivers/STM32F4xx_HAL_Driver/Src/stm32f4xx_hal_sd.o
 .comment       0x0000000000000053       0x54 ./Drivers/STM32F4xx_HAL_Driver/Src/stm32f4xx_hal_uart.o
 .comment       0x0000000000000053       0x54 ./Drivers/STM32F4xx_HAL_Driver/Src/stm32f4xx_ll_sdmmc.o
 .comment       0x0000000000000053       0x54 ./FATFS/Target/bsp_driver_sd.o
 .comment       0x0000000000000053       0x54 ./FATFS/Target/sd_diskio.o

.debug_frame    0x0000000000000000     0x23bc
 .debug_frame   0x0000000000000000       0xd0 ./Core/Src/main.o
 .debug_frame   0x00000000000000d0      0x190 ./Core/Src/stm32f4xx_it.o
 .debug_frame   0x0000000000000260       0x58 ./Core/Src/system_stm32f4xx.o
 .debug_frame   0x00000000000002b8      0x374 ./Drivers/STM32F4xx_HAL_Driver/Src/stm32f4xx_hal.o
 .debug_frame   0x000000000000062c      0x250 ./Drivers/STM32F4xx_HAL_Driver/Src/stm32f4xx_hal_dma.o
 .debug_frame   0x000000000000087c      0x14c ./Drivers/STM32F4xx_HAL_Driver/Src/stm32f4xx_hal_gpio.o
 .debug_frame   0x00000000000009c8      0x650 ./Drivers/STM32F4xx_HAL_Driver/Src/stm32f4xx_hal_sd.o
 .debug_frame   0x0000000000001018      0x92c ./Drivers/STM32F4xx_HAL_Driver/Src/stm32f4xx_hal_uart.o
 .debug_frame   0x0000000000001944      0x6a8 ./Drivers/STM32F4xx_HAL_Driver/Src/stm32f4xx_ll_sdmmc.o
 .debug_frame   0x0000000000001fec      0x258 ./FATFS/Target/bsp_driver_sd.o
 .debug_frame   0x0000000000002244      0x14c ./FATFS/Target/sd_diskio.o
 .debug_frame   0x0000000000002390       0x2c c:/st/stm32cubeide_1.7.0/stm32cubeide/plugins/com.st.stm32cube.ide.mcu.externaltools.gnu-tools-for-stm32.9-2020-q2-update.win32_2.0.0.202105311346/tools/bin/../lib/gcc/arm-none-eabi/9.3.1/../../../../arm-none-eabi/lib/thumb/v7e-m+fp/hard\libc_nano.a(lib_a-init.o)
